==============================
Module test: 4-print_square.py
==============================


Import module:
--------------
>>> print_square = __import__('4-print_square').print_square


Test cases:
-----------

>>> print_square(2.5)
Traceback (most recent call last):
TypeError: size must be an integer

>>> print_square('A')
Traceback (most recent call last):
TypeError: size must be an integer

>>> print_square("School")
Traceback (most recent call last):
TypeError: size must be an integer

>>> print_square(0.1e-3)
Traceback (most recent call last):
TypeError: size must be an integer

>>> print_square(float('inf'))
Traceback (most recent call last):
TypeError: size must be an integer

>>> print_square(-3)
Traceback (most recent call last):
ValueError: size must be >= 0

>>> print_square(1, 3)
Traceback (most recent call last):
TypeError: print_square() takes 1 positional argument but 2 were given

>>> print_square()
Traceback (most recent call last):
TypeError: print_square() missing 1 required positional argument: 'size'
